Traceback (most recent call last):
  File "/home/lorenzolmp/miniconda3/envs/turbocluster/lib/python3.14/site-packages/jupyter_cache/executors/utils.py", line 58, in single_nb_execution
    executenb(
    ~~~~~~~~~^
        nb,
        ^^^
    ...<4 lines>...
        **kwargs,
        ^^^^^^^^^
    )
    ^
  File "/home/lorenzolmp/miniconda3/envs/turbocluster/lib/python3.14/site-packages/nbclient/client.py", line 1323, in execute
    return NotebookClient(nb=nb, resources=resources, km=km, **kwargs).execute()
           ~~~~~~~~~~~~~~~~~~~~~~~~~~~~~~~~~~~~~~~~~~~~~~~~~~~~~~~~~~~~~~~~~~~^^
  File "/home/lorenzolmp/miniconda3/envs/turbocluster/lib/python3.14/site-packages/jupyter_core/utils/__init__.py", line 165, in wrapped
    return loop.run_until_complete(inner)
           ~~~~~~~~~~~~~~~~~~~~~~~^^^^^^^
  File "/home/lorenzolmp/miniconda3/envs/turbocluster/lib/python3.14/asyncio/base_events.py", line 719, in run_until_complete
    return future.result()
           ~~~~~~~~~~~~~^^
  File "/home/lorenzolmp/miniconda3/envs/turbocluster/lib/python3.14/site-packages/nbclient/client.py", line 709, in async_execute
    await self.async_execute_cell(
        cell, index, execution_count=self.code_cells_executed + 1
    )
  File "/home/lorenzolmp/miniconda3/envs/turbocluster/lib/python3.14/site-packages/nbclient/client.py", line 1062, in async_execute_cell
    await self._check_raise_for_error(cell, cell_index, exec_reply)
  File "/home/lorenzolmp/miniconda3/envs/turbocluster/lib/python3.14/site-packages/nbclient/client.py", line 918, in _check_raise_for_error
    raise CellExecutionError.from_cell_and_msg(cell, exec_reply_content)
nbclient.exceptions.CellExecutionError: An error occurred while executing the following cell:
------------------
import paicos as pa
import numpy as np
import turbocluster as tc
%matplotlib widget

pa.settings.strict_units = False

# A snapshot object
snap = pa.Snapshot('/llust21/cosmo-plasm/zoom-simulations-arepo2/halo_0003/tng/zoom12/output', 
                   305, basename='snapshot')
center = snap.Cat.Group['GroupPos'][0]
widths = np.array([500., 500., 500.], dtype=float)

------------------


[31m---------------------------------------------------------------------------[39m
[31mModuleNotFoundError[39m                       Traceback (most recent call last)
[36mCell[39m[36m [39m[32mIn[1][39m[32m, line 3[39m
[32m      1[39m [38;5;28;01mimport[39;00m paicos [38;5;28;01mas[39;00m pa
[32m      2[39m [38;5;28;01mimport[39;00m numpy [38;5;28;01mas[39;00m np
[32m----> [39m[32m3[39m [38;5;28;01mimport[39;00m turbocluster [38;5;28;01mas[39;00m tc
[32m      4[39m get_ipython().run_line_magic([33m'matplotlib'[39m, [33m'widget'[39m)
[32m      5[39m 
[32m      6[39m pa.settings.strict_units = [38;5;28;01mFalse[39;00m

[31mModuleNotFoundError[39m: No module named 'turbocluster'

